[0m[2J[H
[0;31m  ษออออออออออออออออออออออออออออออออออออออออออออป
[0;31m  บ[1;37m  @BBS@                             [0;31mบ
[0;31m  วฤฤฤฤฤฤฤฤฤฤฤฤฤฤฤฤฤฤฤฤฤฤฤฤฤฤฤฤฤฤฤฤฤฤฤฤฤฤฤฤฤฤฤฤถ
[0;31m  บ[1;33m  Sorry, all @NODES@ lines are busy.              [0;31mบ
[0;31m  บ[0;37m  Please try your call later.               [0;31mบ
[0;31m  ศออออออออออออออออออออออออออออออออออออออออออออผ[0m
