[0m[2J[H

[0;31m              ษออออออออออออออออออออออออออออออออออออออออออออออออออป
[0;31m              บ[1;37m   @BBS@                                  [0;31mบ
[0;31m              วฤฤฤฤฤฤฤฤฤฤฤฤฤฤฤฤฤฤฤฤฤฤฤฤฤฤฤฤฤฤฤฤฤฤฤฤฤฤฤฤฤฤฤฤฤฤฤฤฤฤถ
[0;31m              บ[1;33m   Sorry, all @NODES@ lines are busy.                   [0;31mบ
[0;31m              บ[0;36m   Every node is unleashed right now.             [0;31mบ
[0;31m              บ[0;37m   Please try your call again soon.               [0;31mบ
[0;31m              ศออออออออออออออออออออออออออออออออออออออออออออออออออผ[0m
