@CLS@[1;37m                                 ENTERING CHAT
[0;34m  ÄÄÄÄÄÄÄÄÄÄÄÄÄÄÄÄÄÄÄÄÄÄÄÄÄÄÄÄÄÄÄÄÄÄÄÄÄÄÄÄÄÄÄÄÄÄÄÄÄÄÄÄÄÄÄÄÄÄÄÄÄÄÄÄÄÄÄÄÄÄÄÄÄÄÄÄ
[0;37m  Everyone in the room sees everything you type. There is no
[0;37m  private mode, and there is no history older than the buffer.

[0;32m      ù [0;37m/s      who else is here
[0;32m      ù [0;37m/help   the rest of the commands
[0;32m      ù [0;37m/q      leave, or press ESC

[0;34m  ÄÄÄÄÄÄÄÄÄÄÄÄÄÄÄÄÄÄÄÄÄÄÄÄÄÄÄÄÄÄÄÄÄÄÄÄÄÄÄÄÄÄÄÄÄÄÄÄÄÄÄÄÄÄÄÄÄÄÄÄÄÄÄÄÄÄÄÄÄÄÄÄÄÄÄÄ
[0m