[0m
[0;34m    мммммммммммммммммммммммммммммммммммммммммммммммммммммммммммммммммммммммм
    [1;37mлллллл лллллл лл     лллллл млпппл     [1;37mthe file library
    [1;36mлл       лл   лл     лл     лл         [0;34mФФФФФФФФФФФФФФФФ
    [1;36mллллл    лл   лл     ллллл   плллм
    [0;36mлл       лл   лл     лл     мм  лл
    [0;36mлл     лллллл лллллл лллллл плллл      [1;30m@DATE@  @TIME@
[1;36m    пппппппппппппппппппппппппппппппппп[0;34mпппппппппппппппппппппппппппппппппппппп
[0m